options:
{'show': False, 'propose': 1000, 'hits': 'test/OnlyHits_MTase.txt', 'title': 'test/MTase_fragment_Dock_best.maegz', 'i': 'test/MTase_fragment_Dock_best.maegz', 'cl': 5, 'm': 1, 'o': 'test/test.csv', 'n': 100, 'p': 1, 'score': False, 'skip': 1}

Saved loadings to test/test_loading.csv
Saved cluster/PCA info to test/test.csv

*****Process Complete.*****
